<?xml version="1.0" encoding="UTF-8"?>
<TestRun id="7217ef0c-5700-4ba2-89da-9a176b3ef4af" name="Mathias@JUNKTOWN 2011-08-07 22:00:37" runUser="Junktown\Mathias" xmlns="http://microsoft.com/schemas/VisualStudio/TeamTest/2010">
  <TestSettings name="Local" id="a9b277e3-4af9-4f2f-84dc-a3e62857f02a">
    <Description>These are default test settings for a local test run.</Description>
    <Deployment enabled="false" runDeploymentRoot="Mathias_JUNKTOWN 2011-08-07 22_00_37">
      <DeploymentItem filename="D:\Projekte\XNA\ColladaXna\ColladaXnaBase\bin\x86\Debug\ColladaXnaBase.dll" />
    </Deployment>
    <Execution>
      <TestTypeSpecific />
      <AgentRule name="Execution Agents">
      </AgentRule>
    </Execution>
  </TestSettings>
  <Times creation="2011-08-07T22:00:37.5691065+02:00" queuing="2011-08-07T22:00:37.5991082+02:00" start="2011-08-07T22:00:37.6291099+02:00" finish="2011-08-07T22:00:38.0561343+02:00" />
  <ResultSummary outcome="Failed">
    <Counters total="10" executed="10" passed="2" error="0" failed="8" timeout="0" aborted="0" inconclusive="0" passedButRunAborted="0" notRunnable="0" notExecuted="0" disconnected="0" warning="0" completed="0" inProgress="0" pending="0" />
  </ResultSummary>
  <TestDefinitions>
    <UnitTest name="ImportTest" storage="d:\projekte\xna\colladaxna\base tests\bin\debug\base tests.dll" id="23a53483-36bd-a504-10a9-1dfe99775125">
      <Execution id="29ed5312-20bf-4513-94fc-66d138800922" />
      <TestMethod codeBase="D:/Projekte/XNA/ColladaXna/Base Tests/bin/Debug/Base Tests.DLL" adapterTypeName="Microsoft.VisualStudio.TestTools.TestTypes.Unit.UnitTestAdapter, Microsoft.VisualStudio.QualityTools.Tips.UnitTest.Adapter, Version=10.0.0.0, Culture=neutral, PublicKeyToken=b03f5f7f11d50a3a" className="Base_Tests.AnimationImporterTest, Base Tests, Version=1.0.0.0, Culture=neutral, PublicKeyToken=null" name="ImportTest" />
    </UnitTest>
    <UnitTest name="ImportMeshesTest" storage="d:\projekte\xna\colladaxna\base tests\bin\debug\base tests.dll" id="e107533e-31bd-5142-7a78-d035f5d7a30d">
      <Execution id="cc747a05-53d1-4e5b-b9a2-db017dfa1b3c" />
      <TestMethod codeBase="D:/Projekte/XNA/ColladaXna/Base Tests/bin/Debug/Base Tests.DLL" adapterTypeName="Microsoft.VisualStudio.TestTools.TestTypes.Unit.UnitTestAdapter, Microsoft.VisualStudio.QualityTools.Tips.UnitTest.Adapter, Version=10.0.0.0, Culture=neutral, PublicKeyToken=b03f5f7f11d50a3a" className="Base_Tests.GeometryImporterTest, Base Tests, Version=1.0.0.0, Culture=neutral, PublicKeyToken=null" name="ImportMeshesTest" />
    </UnitTest>
    <UnitTest name="ColorVertexTest" storage="d:\projekte\xna\colladaxna\base tests\bin\debug\base tests.dll" id="d461fbc2-a5cc-a08a-1140-5839b9ad0a65">
      <Execution id="05213922-2949-463f-8cc3-ed6ae3cf695c" />
      <TestMethod codeBase="D:/Projekte/XNA/ColladaXna/Base Tests/bin/Debug/Base Tests.DLL" adapterTypeName="Microsoft.VisualStudio.TestTools.TestTypes.Unit.UnitTestAdapter, Microsoft.VisualStudio.QualityTools.Tips.UnitTest.Adapter, Version=10.0.0.0, Culture=neutral, PublicKeyToken=b03f5f7f11d50a3a" className="Base_Tests.GeometryImporterTest, Base Tests, Version=1.0.0.0, Culture=neutral, PublicKeyToken=null" name="ColorVertexTest" />
    </UnitTest>
    <UnitTest name="SkeletonImportTest" storage="d:\projekte\xna\colladaxna\base tests\bin\debug\base tests.dll" id="30ce16d4-84d9-bb19-5ceb-c09e7dec329a">
      <Execution id="5037061f-2b98-4d7d-b9bc-ee4dd2e10fb0" />
      <TestMethod codeBase="D:/Projekte/XNA/ColladaXna/Base Tests/bin/Debug/Base Tests.DLL" adapterTypeName="Microsoft.VisualStudio.TestTools.TestTypes.Unit.UnitTestAdapter, Microsoft.VisualStudio.QualityTools.Tips.UnitTest.Adapter, Version=10.0.0.0, Culture=neutral, PublicKeyToken=b03f5f7f11d50a3a" className="Base_Tests.SkeletonImporterTest, Base Tests, Version=1.0.0.0, Culture=neutral, PublicKeyToken=null" name="SkeletonImportTest" />
    </UnitTest>
    <UnitTest name="ImportTest" storage="d:\projekte\xna\colladaxna\base tests\bin\debug\base tests.dll" id="98b96d1f-bfb5-0bdc-aa26-1efb867c4ac0">
      <Execution id="482322f6-de95-42af-825b-7045ad98b8d8" />
      <TestMethod codeBase="D:/Projekte/XNA/ColladaXna/Base Tests/bin/Debug/Base Tests.DLL" adapterTypeName="Microsoft.VisualStudio.TestTools.TestTypes.Unit.UnitTestAdapter, Microsoft.VisualStudio.QualityTools.Tips.UnitTest.Adapter, Version=10.0.0.0, Culture=neutral, PublicKeyToken=b03f5f7f11d50a3a" className="Base_Tests.MaterialImporterTest, Base Tests, Version=1.0.0.0, Culture=neutral, PublicKeyToken=null" name="ImportTest" />
    </UnitTest>
    <UnitTest name="SceneImportTest" storage="d:\projekte\xna\colladaxna\base tests\bin\debug\base tests.dll" id="f01707f7-3d12-8ce6-a2ef-33e8a2ef7a4d">
      <Execution id="178a7c8c-9e12-43e2-9296-6359f00d35ac" />
      <TestMethod codeBase="D:/Projekte/XNA/ColladaXna/Base Tests/bin/Debug/Base Tests.DLL" adapterTypeName="Microsoft.VisualStudio.TestTools.TestTypes.Unit.UnitTestAdapter, Microsoft.VisualStudio.QualityTools.Tips.UnitTest.Adapter, Version=10.0.0.0, Culture=neutral, PublicKeyToken=b03f5f7f11d50a3a" className="Base_Tests.SceneImporterTest, Base Tests, Version=1.0.0.0, Culture=neutral, PublicKeyToken=null" name="SceneImportTest" />
    </UnitTest>
    <UnitTest name="ColladaModelConstructorTest" storage="d:\projekte\xna\colladaxna\base tests\bin\debug\base tests.dll" id="336689d9-1dd2-26e6-4a58-d26fa66d35a5">
      <Execution id="271176d6-b299-4891-9302-d9eafe59978f" />
      <TestMethod codeBase="D:/Projekte/XNA/ColladaXna/Base Tests/bin/Debug/Base Tests.DLL" adapterTypeName="Microsoft.VisualStudio.TestTools.TestTypes.Unit.UnitTestAdapter, Microsoft.VisualStudio.QualityTools.Tips.UnitTest.Adapter, Version=10.0.0.0, Culture=neutral, PublicKeyToken=b03f5f7f11d50a3a" className="Base_Tests.ColladaModelTest, Base Tests, Version=1.0.0.0, Culture=neutral, PublicKeyToken=null" name="ColladaModelConstructorTest" />
    </UnitTest>
    <UnitTest name="SkinnedMeshImportTest" storage="d:\projekte\xna\colladaxna\base tests\bin\debug\base tests.dll" id="1246d3ed-379f-89af-943c-64c4bc90f50a">
      <Execution id="65f86a80-12ad-4e41-b5a8-69e23f8ab8a0" />
      <TestMethod codeBase="D:/Projekte/XNA/ColladaXna/Base Tests/bin/Debug/Base Tests.DLL" adapterTypeName="Microsoft.VisualStudio.TestTools.TestTypes.Unit.UnitTestAdapter, Microsoft.VisualStudio.QualityTools.Tips.UnitTest.Adapter, Version=10.0.0.0, Culture=neutral, PublicKeyToken=b03f5f7f11d50a3a" className="Base_Tests.GeometryImporterTest, Base Tests, Version=1.0.0.0, Culture=neutral, PublicKeyToken=null" name="SkinnedMeshImportTest" />
    </UnitTest>
    <UnitTest name="LightImportTest" storage="d:\projekte\xna\colladaxna\base tests\bin\debug\base tests.dll" id="65df9dd9-692f-705d-b1ca-e3a03d21aad9">
      <Execution id="2ccf9eb6-bd44-47c4-a894-256503a5a8d3" />
      <TestMethod codeBase="D:/Projekte/XNA/ColladaXna/Base Tests/bin/Debug/Base Tests.DLL" adapterTypeName="Microsoft.VisualStudio.TestTools.TestTypes.Unit.UnitTestAdapter, Microsoft.VisualStudio.QualityTools.Tips.UnitTest.Adapter, Version=10.0.0.0, Culture=neutral, PublicKeyToken=b03f5f7f11d50a3a" className="Base_Tests.LightImporterTest, Base Tests, Version=1.0.0.0, Culture=neutral, PublicKeyToken=null" name="LightImportTest" />
    </UnitTest>
    <UnitTest name="StaticMeshImportTest" storage="d:\projekte\xna\colladaxna\base tests\bin\debug\base tests.dll" id="f8585df7-3d46-f0ce-adf7-920a375a62f2">
      <Execution id="186ec6d5-c313-413f-a7ff-80adef1af21c" />
      <TestMethod codeBase="D:/Projekte/XNA/ColladaXna/Base Tests/bin/Debug/Base Tests.DLL" adapterTypeName="Microsoft.VisualStudio.TestTools.TestTypes.Unit.UnitTestAdapter, Microsoft.VisualStudio.QualityTools.Tips.UnitTest.Adapter, Version=10.0.0.0, Culture=neutral, PublicKeyToken=b03f5f7f11d50a3a" className="Base_Tests.GeometryImporterTest, Base Tests, Version=1.0.0.0, Culture=neutral, PublicKeyToken=null" name="StaticMeshImportTest" />
    </UnitTest>
  </TestDefinitions>
  <TestLists>
    <TestList name="Results Not in a List" id="8c84fa94-04c1-424b-9868-57a2d4851a1d" />
    <TestList name="All Loaded Results" id="19431567-8539-422a-85d7-44ee4e166bda" />
  </TestLists>
  <TestEntries>
    <TestEntry testId="1246d3ed-379f-89af-943c-64c4bc90f50a" executionId="65f86a80-12ad-4e41-b5a8-69e23f8ab8a0" testListId="8c84fa94-04c1-424b-9868-57a2d4851a1d" />
    <TestEntry testId="23a53483-36bd-a504-10a9-1dfe99775125" executionId="29ed5312-20bf-4513-94fc-66d138800922" testListId="8c84fa94-04c1-424b-9868-57a2d4851a1d" />
    <TestEntry testId="30ce16d4-84d9-bb19-5ceb-c09e7dec329a" executionId="5037061f-2b98-4d7d-b9bc-ee4dd2e10fb0" testListId="8c84fa94-04c1-424b-9868-57a2d4851a1d" />
    <TestEntry testId="336689d9-1dd2-26e6-4a58-d26fa66d35a5" executionId="271176d6-b299-4891-9302-d9eafe59978f" testListId="8c84fa94-04c1-424b-9868-57a2d4851a1d" />
    <TestEntry testId="65df9dd9-692f-705d-b1ca-e3a03d21aad9" executionId="2ccf9eb6-bd44-47c4-a894-256503a5a8d3" testListId="8c84fa94-04c1-424b-9868-57a2d4851a1d" />
    <TestEntry testId="98b96d1f-bfb5-0bdc-aa26-1efb867c4ac0" executionId="482322f6-de95-42af-825b-7045ad98b8d8" testListId="8c84fa94-04c1-424b-9868-57a2d4851a1d" />
    <TestEntry testId="d461fbc2-a5cc-a08a-1140-5839b9ad0a65" executionId="05213922-2949-463f-8cc3-ed6ae3cf695c" testListId="8c84fa94-04c1-424b-9868-57a2d4851a1d" />
    <TestEntry testId="e107533e-31bd-5142-7a78-d035f5d7a30d" executionId="cc747a05-53d1-4e5b-b9a2-db017dfa1b3c" testListId="8c84fa94-04c1-424b-9868-57a2d4851a1d" />
    <TestEntry testId="f01707f7-3d12-8ce6-a2ef-33e8a2ef7a4d" executionId="178a7c8c-9e12-43e2-9296-6359f00d35ac" testListId="8c84fa94-04c1-424b-9868-57a2d4851a1d" />
    <TestEntry testId="f8585df7-3d46-f0ce-adf7-920a375a62f2" executionId="186ec6d5-c313-413f-a7ff-80adef1af21c" testListId="8c84fa94-04c1-424b-9868-57a2d4851a1d" />
  </TestEntries>
  <Results>
    <UnitTestResult executionId="65f86a80-12ad-4e41-b5a8-69e23f8ab8a0" testId="1246d3ed-379f-89af-943c-64c4bc90f50a" testName="SkinnedMeshImportTest" computerName="JUNKTOWN" startTime="2011-08-07T22:00:37.6321101+02:00" endTime="2011-08-07T22:00:37.9091259+02:00" testType="13cdc9d9-ddb5-4fa4-a97d-d965ccfc6d4b" outcome="Failed" testListId="8c84fa94-04c1-424b-9868-57a2d4851a1d" relativeResultsDirectory="65f86a80-12ad-4e41-b5a8-69e23f8ab8a0">
      <Output>
        <ErrorInfo>
          <Message>Class Initialization method Base_Tests.GeometryImporterTest.Init threw exception. System.ArgumentException: System.ArgumentException: Source array was not long enough. Check srcIndex and length, and the array's lower bounds..</Message>
          <StackTrace>    at System.Array.Copy(Array sourceArray, Int32 sourceIndex, Array destinationArray, Int32 destinationIndex, Int32 length, Boolean reliable)
   at System.Array.Copy(Array sourceArray, Int32 sourceIndex, Array destinationArray, Int32 destinationIndex, Int32 length)
   at ColladaXna.Base.Geometry.VertexChannel.GetValue(Int32 atIndex, Single[]&amp; dest, Int32 destIndex) in D:\Projekte\XNA\ColladaXna\ColladaXnaBase\Geometry\VertexChannel.cs:line 72
   at ColladaXna.Base.Geometry.VertexContainer..ctor(List`1 inputChannels) in D:\Projekte\XNA\ColladaXna\ColladaXnaBase\Geometry\VertexContainer.cs:line 121
   at ColladaXna.Base.Import.GeometryImporter.ImportGeometry(XmlNode xmlGeometryNode, ColladaModel model) in D:\Projekte\XNA\ColladaXna\ColladaXnaBase\Import\GeometryImporter.cs:line 204
   at ColladaXna.Base.Import.GeometryImporter.&lt;&gt;c__DisplayClass5.&lt;Import&gt;b__1(XmlNode xmlGeom) in D:\Projekte\XNA\ColladaXna\ColladaXnaBase\Import\GeometryImporter.cs:line 36
   at System.Linq.Enumerable.WhereSelectEnumerableIterator`2.MoveNext()
   at System.Collections.Generic.List`1..ctor(IEnumerable`1 collection)
   at System.Linq.Enumerable.ToList[TSource](IEnumerable`1 source)
   at ColladaXna.Base.Import.GeometryImporter.Import(XmlNode xmlRoot, ColladaModel model) in D:\Projekte\XNA\ColladaXna\ColladaXnaBase\Import\GeometryImporter.cs:line 34
   at Base_Tests.GeometryImporterTest.Init(TestContext context) in D:\Projekte\XNA\ColladaXna\Base Tests\GeometryImporterTest.cs:line 37
</StackTrace>
        </ErrorInfo>
      </Output>
    </UnitTestResult>
    <UnitTestResult executionId="29ed5312-20bf-4513-94fc-66d138800922" testId="23a53483-36bd-a504-10a9-1dfe99775125" testName="ImportTest" computerName="JUNKTOWN" duration="00:00:00.0231580" startTime="2011-08-07T22:00:37.9111260+02:00" endTime="2011-08-07T22:00:37.9451280+02:00" testType="13cdc9d9-ddb5-4fa4-a97d-d965ccfc6d4b" outcome="Failed" testListId="8c84fa94-04c1-424b-9868-57a2d4851a1d" relativeResultsDirectory="29ed5312-20bf-4513-94fc-66d138800922">
      <Output>
        <ErrorInfo>
          <Message>Test method Base_Tests.AnimationImporterTest.ImportTest threw exception: 
System.NullReferenceException: Object reference not set to an instance of an object.</Message>
          <StackTrace>    at ColladaXna.Base.Import.AnimationImporter.Import(XmlNode xmlRoot, ColladaModel model) in D:\Projekte\XNA\ColladaXna\ColladaXnaBase\Import\AnimationImporter.cs:line 28
   at Base_Tests.AnimationImporterTest.ImportTest() in D:\Projekte\XNA\ColladaXna\Base Tests\AnimationImporterTest.cs:line 78
</StackTrace>
        </ErrorInfo>
      </Output>
    </UnitTestResult>
    <UnitTestResult executionId="5037061f-2b98-4d7d-b9bc-ee4dd2e10fb0" testId="30ce16d4-84d9-bb19-5ceb-c09e7dec329a" testName="SkeletonImportTest" computerName="JUNKTOWN" duration="00:00:00.0012295" startTime="2011-08-07T22:00:37.9461280+02:00" endTime="2011-08-07T22:00:37.9551285+02:00" testType="13cdc9d9-ddb5-4fa4-a97d-d965ccfc6d4b" outcome="Passed" testListId="8c84fa94-04c1-424b-9868-57a2d4851a1d" relativeResultsDirectory="5037061f-2b98-4d7d-b9bc-ee4dd2e10fb0">
    </UnitTestResult>
    <UnitTestResult executionId="271176d6-b299-4891-9302-d9eafe59978f" testId="336689d9-1dd2-26e6-4a58-d26fa66d35a5" testName="ColladaModelConstructorTest" computerName="JUNKTOWN" duration="00:00:00.0108109" startTime="2011-08-07T22:00:37.9561286+02:00" endTime="2011-08-07T22:00:37.9731296+02:00" testType="13cdc9d9-ddb5-4fa4-a97d-d965ccfc6d4b" outcome="Failed" testListId="8c84fa94-04c1-424b-9868-57a2d4851a1d" relativeResultsDirectory="271176d6-b299-4891-9302-d9eafe59978f">
      <Output>
        <ErrorInfo>
          <Message>Test method Base_Tests.ColladaModelTest.ColladaModelConstructorTest threw exception: 
System.ArgumentException: Source array was not long enough. Check srcIndex and length, and the array's lower bounds.</Message>
          <StackTrace>    at System.Array.Copy(Array sourceArray, Int32 sourceIndex, Array destinationArray, Int32 destinationIndex, Int32 length, Boolean reliable)
   at System.Array.Copy(Array sourceArray, Int32 sourceIndex, Array destinationArray, Int32 destinationIndex, Int32 length)
   at ColladaXna.Base.Geometry.VertexChannel.GetValue(Int32 atIndex, Single[]&amp; dest, Int32 destIndex) in D:\Projekte\XNA\ColladaXna\ColladaXnaBase\Geometry\VertexChannel.cs:line 72
   at ColladaXna.Base.Geometry.VertexContainer..ctor(List`1 inputChannels) in D:\Projekte\XNA\ColladaXna\ColladaXnaBase\Geometry\VertexContainer.cs:line 121
   at ColladaXna.Base.Import.GeometryImporter.ImportGeometry(XmlNode xmlGeometryNode, ColladaModel model) in D:\Projekte\XNA\ColladaXna\ColladaXnaBase\Import\GeometryImporter.cs:line 204
   at ColladaXna.Base.Import.GeometryImporter.&lt;&gt;c__DisplayClass5.&lt;Import&gt;b__1(XmlNode xmlGeom) in D:\Projekte\XNA\ColladaXna\ColladaXnaBase\Import\GeometryImporter.cs:line 36
   at System.Linq.Enumerable.WhereSelectEnumerableIterator`2.MoveNext()
   at System.Collections.Generic.List`1..ctor(IEnumerable`1 collection)
   at System.Linq.Enumerable.ToList[TSource](IEnumerable`1 source)
   at ColladaXna.Base.Import.GeometryImporter.Import(XmlNode xmlRoot, ColladaModel model) in D:\Projekte\XNA\ColladaXna\ColladaXnaBase\Import\GeometryImporter.cs:line 34
   at ColladaXna.Base.ColladaModel.Load() in D:\Projekte\XNA\ColladaXna\ColladaXnaBase\ColladaModel.cs:line 112
   at ColladaXna.Base.ColladaModel..ctor(String filename) in D:\Projekte\XNA\ColladaXna\ColladaXnaBase\ColladaModel.cs:line 83
   at Base_Tests.ColladaModelTest.ColladaModelConstructorTest() in D:\Projekte\XNA\ColladaXna\Base Tests\ColladaModelTest.cs:line 77
</StackTrace>
        </ErrorInfo>
      </Output>
    </UnitTestResult>
    <UnitTestResult executionId="2ccf9eb6-bd44-47c4-a894-256503a5a8d3" testId="65df9dd9-692f-705d-b1ca-e3a03d21aad9" testName="LightImportTest" computerName="JUNKTOWN" duration="00:00:00.0007270" startTime="2011-08-07T22:00:37.9741296+02:00" endTime="2011-08-07T22:00:37.9871304+02:00" testType="13cdc9d9-ddb5-4fa4-a97d-d965ccfc6d4b" outcome="Passed" testListId="8c84fa94-04c1-424b-9868-57a2d4851a1d" relativeResultsDirectory="2ccf9eb6-bd44-47c4-a894-256503a5a8d3">
    </UnitTestResult>
    <UnitTestResult executionId="482322f6-de95-42af-825b-7045ad98b8d8" testId="98b96d1f-bfb5-0bdc-aa26-1efb867c4ac0" testName="ImportTest" computerName="JUNKTOWN" duration="00:00:00.0027163" startTime="2011-08-07T22:00:37.9891305+02:00" endTime="2011-08-07T22:00:37.9981310+02:00" testType="13cdc9d9-ddb5-4fa4-a97d-d965ccfc6d4b" outcome="Failed" testListId="8c84fa94-04c1-424b-9868-57a2d4851a1d" relativeResultsDirectory="482322f6-de95-42af-825b-7045ad98b8d8">
      <Output>
        <ErrorInfo>
          <Message>Test method Base_Tests.MaterialImporterTest.ImportTest threw exception: 
System.NullReferenceException: Object reference not set to an instance of an object.</Message>
          <StackTrace>    at ColladaXna.Base.Import.MaterialImporter.Import(XmlNode xmlRoot, ColladaModel model) in D:\Projekte\XNA\ColladaXna\ColladaXnaBase\Import\MaterialImporter.cs:line 25
   at Base_Tests.MaterialImporterTest.ImportTest() in D:\Projekte\XNA\ColladaXna\Base Tests\MaterialImporterTest.cs:line 78
</StackTrace>
        </ErrorInfo>
      </Output>
    </UnitTestResult>
    <UnitTestResult executionId="05213922-2949-463f-8cc3-ed6ae3cf695c" testId="d461fbc2-a5cc-a08a-1140-5839b9ad0a65" testName="ColorVertexTest" computerName="JUNKTOWN" startTime="2011-08-07T22:00:38.0001311+02:00" endTime="2011-08-07T22:00:38.0071315+02:00" testType="13cdc9d9-ddb5-4fa4-a97d-d965ccfc6d4b" outcome="Failed" testListId="8c84fa94-04c1-424b-9868-57a2d4851a1d" relativeResultsDirectory="05213922-2949-463f-8cc3-ed6ae3cf695c">
      <Output>
        <ErrorInfo>
          <Message>Class Initialization method Base_Tests.GeometryImporterTest.Init threw exception. System.ArgumentException: System.ArgumentException: Source array was not long enough. Check srcIndex and length, and the array's lower bounds..</Message>
          <StackTrace>    at System.Array.Copy(Array sourceArray, Int32 sourceIndex, Array destinationArray, Int32 destinationIndex, Int32 length, Boolean reliable)
   at System.Array.Copy(Array sourceArray, Int32 sourceIndex, Array destinationArray, Int32 destinationIndex, Int32 length)
   at ColladaXna.Base.Geometry.VertexChannel.GetValue(Int32 atIndex, Single[]&amp; dest, Int32 destIndex) in D:\Projekte\XNA\ColladaXna\ColladaXnaBase\Geometry\VertexChannel.cs:line 72
   at ColladaXna.Base.Geometry.VertexContainer..ctor(List`1 inputChannels) in D:\Projekte\XNA\ColladaXna\ColladaXnaBase\Geometry\VertexContainer.cs:line 121
   at ColladaXna.Base.Import.GeometryImporter.ImportGeometry(XmlNode xmlGeometryNode, ColladaModel model) in D:\Projekte\XNA\ColladaXna\ColladaXnaBase\Import\GeometryImporter.cs:line 204
   at ColladaXna.Base.Import.GeometryImporter.&lt;&gt;c__DisplayClass5.&lt;Import&gt;b__1(XmlNode xmlGeom) in D:\Projekte\XNA\ColladaXna\ColladaXnaBase\Import\GeometryImporter.cs:line 36
   at System.Linq.Enumerable.WhereSelectEnumerableIterator`2.MoveNext()
   at System.Collections.Generic.List`1..ctor(IEnumerable`1 collection)
   at System.Linq.Enumerable.ToList[TSource](IEnumerable`1 source)
   at ColladaXna.Base.Import.GeometryImporter.Import(XmlNode xmlRoot, ColladaModel model) in D:\Projekte\XNA\ColladaXna\ColladaXnaBase\Import\GeometryImporter.cs:line 34
   at Base_Tests.GeometryImporterTest.Init(TestContext context) in D:\Projekte\XNA\ColladaXna\Base Tests\GeometryImporterTest.cs:line 37
</StackTrace>
        </ErrorInfo>
      </Output>
    </UnitTestResult>
    <UnitTestResult executionId="cc747a05-53d1-4e5b-b9a2-db017dfa1b3c" testId="e107533e-31bd-5142-7a78-d035f5d7a30d" testName="ImportMeshesTest" computerName="JUNKTOWN" startTime="2011-08-07T22:00:38.0081316+02:00" endTime="2011-08-07T22:00:38.0131318+02:00" testType="13cdc9d9-ddb5-4fa4-a97d-d965ccfc6d4b" outcome="Failed" testListId="8c84fa94-04c1-424b-9868-57a2d4851a1d" relativeResultsDirectory="cc747a05-53d1-4e5b-b9a2-db017dfa1b3c">
      <Output>
        <ErrorInfo>
          <Message>Class Initialization method Base_Tests.GeometryImporterTest.Init threw exception. System.ArgumentException: System.ArgumentException: Source array was not long enough. Check srcIndex and length, and the array's lower bounds..</Message>
          <StackTrace>    at System.Array.Copy(Array sourceArray, Int32 sourceIndex, Array destinationArray, Int32 destinationIndex, Int32 length, Boolean reliable)
   at System.Array.Copy(Array sourceArray, Int32 sourceIndex, Array destinationArray, Int32 destinationIndex, Int32 length)
   at ColladaXna.Base.Geometry.VertexChannel.GetValue(Int32 atIndex, Single[]&amp; dest, Int32 destIndex) in D:\Projekte\XNA\ColladaXna\ColladaXnaBase\Geometry\VertexChannel.cs:line 72
   at ColladaXna.Base.Geometry.VertexContainer..ctor(List`1 inputChannels) in D:\Projekte\XNA\ColladaXna\ColladaXnaBase\Geometry\VertexContainer.cs:line 121
   at ColladaXna.Base.Import.GeometryImporter.ImportGeometry(XmlNode xmlGeometryNode, ColladaModel model) in D:\Projekte\XNA\ColladaXna\ColladaXnaBase\Import\GeometryImporter.cs:line 204
   at ColladaXna.Base.Import.GeometryImporter.&lt;&gt;c__DisplayClass5.&lt;Import&gt;b__1(XmlNode xmlGeom) in D:\Projekte\XNA\ColladaXna\ColladaXnaBase\Import\GeometryImporter.cs:line 36
   at System.Linq.Enumerable.WhereSelectEnumerableIterator`2.MoveNext()
   at System.Collections.Generic.List`1..ctor(IEnumerable`1 collection)
   at System.Linq.Enumerable.ToList[TSource](IEnumerable`1 source)
   at ColladaXna.Base.Import.GeometryImporter.Import(XmlNode xmlRoot, ColladaModel model) in D:\Projekte\XNA\ColladaXna\ColladaXnaBase\Import\GeometryImporter.cs:line 34
   at Base_Tests.GeometryImporterTest.Init(TestContext context) in D:\Projekte\XNA\ColladaXna\Base Tests\GeometryImporterTest.cs:line 37
</StackTrace>
        </ErrorInfo>
      </Output>
    </UnitTestResult>
    <UnitTestResult executionId="178a7c8c-9e12-43e2-9296-6359f00d35ac" testId="f01707f7-3d12-8ce6-a2ef-33e8a2ef7a4d" testName="SceneImportTest" computerName="JUNKTOWN" startTime="2011-08-07T22:00:38.0141319+02:00" endTime="2011-08-07T22:00:38.0301328+02:00" testType="13cdc9d9-ddb5-4fa4-a97d-d965ccfc6d4b" outcome="Failed" testListId="8c84fa94-04c1-424b-9868-57a2d4851a1d" relativeResultsDirectory="178a7c8c-9e12-43e2-9296-6359f00d35ac">
      <Output>
        <ErrorInfo>
          <Message>Class Initialization method Base_Tests.SceneImporterTest.Init threw exception. System.ArgumentException: System.ArgumentException: Source array was not long enough. Check srcIndex and length, and the array's lower bounds..</Message>
          <StackTrace>    at System.Array.Copy(Array sourceArray, Int32 sourceIndex, Array destinationArray, Int32 destinationIndex, Int32 length, Boolean reliable)
   at System.Array.Copy(Array sourceArray, Int32 sourceIndex, Array destinationArray, Int32 destinationIndex, Int32 length)
   at ColladaXna.Base.Geometry.VertexChannel.GetValue(Int32 atIndex, Single[]&amp; dest, Int32 destIndex) in D:\Projekte\XNA\ColladaXna\ColladaXnaBase\Geometry\VertexChannel.cs:line 72
   at ColladaXna.Base.Geometry.VertexContainer..ctor(List`1 inputChannels) in D:\Projekte\XNA\ColladaXna\ColladaXnaBase\Geometry\VertexContainer.cs:line 121
   at ColladaXna.Base.Import.GeometryImporter.ImportGeometry(XmlNode xmlGeometryNode, ColladaModel model) in D:\Projekte\XNA\ColladaXna\ColladaXnaBase\Import\GeometryImporter.cs:line 204
   at ColladaXna.Base.Import.GeometryImporter.&lt;&gt;c__DisplayClass5.&lt;Import&gt;b__1(XmlNode xmlGeom) in D:\Projekte\XNA\ColladaXna\ColladaXnaBase\Import\GeometryImporter.cs:line 36
   at System.Linq.Enumerable.WhereSelectEnumerableIterator`2.MoveNext()
   at System.Collections.Generic.List`1..ctor(IEnumerable`1 collection)
   at System.Linq.Enumerable.ToList[TSource](IEnumerable`1 source)
   at ColladaXna.Base.Import.GeometryImporter.Import(XmlNode xmlRoot, ColladaModel model) in D:\Projekte\XNA\ColladaXna\ColladaXnaBase\Import\GeometryImporter.cs:line 34
   at Base_Tests.SceneImporterTest.Init(TestContext context) in D:\Projekte\XNA\ColladaXna\Base Tests\SceneImporterTest.cs:line 28
</StackTrace>
        </ErrorInfo>
      </Output>
    </UnitTestResult>
    <UnitTestResult executionId="186ec6d5-c313-413f-a7ff-80adef1af21c" testId="f8585df7-3d46-f0ce-adf7-920a375a62f2" testName="StaticMeshImportTest" computerName="JUNKTOWN" startTime="2011-08-07T22:00:38.0331330+02:00" endTime="2011-08-07T22:00:38.0391333+02:00" testType="13cdc9d9-ddb5-4fa4-a97d-d965ccfc6d4b" outcome="Failed" testListId="8c84fa94-04c1-424b-9868-57a2d4851a1d" relativeResultsDirectory="186ec6d5-c313-413f-a7ff-80adef1af21c">
      <Output>
        <ErrorInfo>
          <Message>Class Initialization method Base_Tests.GeometryImporterTest.Init threw exception. System.ArgumentException: System.ArgumentException: Source array was not long enough. Check srcIndex and length, and the array's lower bounds..</Message>
          <StackTrace>    at System.Array.Copy(Array sourceArray, Int32 sourceIndex, Array destinationArray, Int32 destinationIndex, Int32 length, Boolean reliable)
   at System.Array.Copy(Array sourceArray, Int32 sourceIndex, Array destinationArray, Int32 destinationIndex, Int32 length)
   at ColladaXna.Base.Geometry.VertexChannel.GetValue(Int32 atIndex, Single[]&amp; dest, Int32 destIndex) in D:\Projekte\XNA\ColladaXna\ColladaXnaBase\Geometry\VertexChannel.cs:line 72
   at ColladaXna.Base.Geometry.VertexContainer..ctor(List`1 inputChannels) in D:\Projekte\XNA\ColladaXna\ColladaXnaBase\Geometry\VertexContainer.cs:line 121
   at ColladaXna.Base.Import.GeometryImporter.ImportGeometry(XmlNode xmlGeometryNode, ColladaModel model) in D:\Projekte\XNA\ColladaXna\ColladaXnaBase\Import\GeometryImporter.cs:line 204
   at ColladaXna.Base.Import.GeometryImporter.&lt;&gt;c__DisplayClass5.&lt;Import&gt;b__1(XmlNode xmlGeom) in D:\Projekte\XNA\ColladaXna\ColladaXnaBase\Import\GeometryImporter.cs:line 36
   at System.Linq.Enumerable.WhereSelectEnumerableIterator`2.MoveNext()
   at System.Collections.Generic.List`1..ctor(IEnumerable`1 collection)
   at System.Linq.Enumerable.ToList[TSource](IEnumerable`1 source)
   at ColladaXna.Base.Import.GeometryImporter.Import(XmlNode xmlRoot, ColladaModel model) in D:\Projekte\XNA\ColladaXna\ColladaXnaBase\Import\GeometryImporter.cs:line 34
   at Base_Tests.GeometryImporterTest.Init(TestContext context) in D:\Projekte\XNA\ColladaXna\Base Tests\GeometryImporterTest.cs:line 37
</StackTrace>
        </ErrorInfo>
      </Output>
    </UnitTestResult>
  </Results>
</TestRun>