<?xml version="1.0" encoding="UTF-8"?>
<TestRun id="23082b84-29cd-440e-a495-f0e1a6f46a8d" name="Mathias@JUNKTOWN 2011-08-07 20:08:53" runUser="Junktown\Mathias" xmlns="http://microsoft.com/schemas/VisualStudio/TeamTest/2010">
  <TestSettings name="Local" id="a9b277e3-4af9-4f2f-84dc-a3e62857f02a">
    <Description>These are default test settings for a local test run.</Description>
    <Deployment enabled="false" runDeploymentRoot="Mathias_JUNKTOWN 2011-08-07 20_08_53">
      <DeploymentItem filename="D:\Projekte\XNA\ColladaXna\ColladaXnaBase\bin\x86\Debug\ColladaXnaBase.dll" />
    </Deployment>
    <Execution>
      <TestTypeSpecific />
      <AgentRule name="Execution Agents">
      </AgentRule>
    </Execution>
  </TestSettings>
  <Times creation="2011-08-07T20:08:53.0626306+02:00" queuing="2011-08-07T20:08:53.0886321+02:00" start="2011-08-07T20:08:53.0956325+02:00" finish="2011-08-07T20:08:53.3966497+02:00" />
  <ResultSummary outcome="Completed">
    <Counters total="3" executed="3" passed="3" error="0" failed="0" timeout="0" aborted="0" inconclusive="0" passedButRunAborted="0" notRunnable="0" notExecuted="0" disconnected="0" warning="0" completed="0" inProgress="0" pending="0" />
  </ResultSummary>
  <TestDefinitions>
    <UnitTest name="StaticMeshImportTest" storage="d:\projekte\xna\colladaxna\base tests\bin\debug\base tests.dll" id="f8585df7-3d46-f0ce-adf7-920a375a62f2">
      <Execution id="ebd3e078-0245-4cf7-93eb-d5fb02864916" />
      <TestMethod codeBase="D:/Projekte/XNA/ColladaXna/Base Tests/bin/Debug/Base Tests.DLL" adapterTypeName="Microsoft.VisualStudio.TestTools.TestTypes.Unit.UnitTestAdapter, Microsoft.VisualStudio.QualityTools.Tips.UnitTest.Adapter, Version=10.0.0.0, Culture=neutral, PublicKeyToken=b03f5f7f11d50a3a" className="Base_Tests.GeometryImporterTest, Base Tests, Version=1.0.0.0, Culture=neutral, PublicKeyToken=null" name="StaticMeshImportTest" />
    </UnitTest>
    <UnitTest name="ImportMeshesTest" storage="d:\projekte\xna\colladaxna\base tests\bin\debug\base tests.dll" id="e107533e-31bd-5142-7a78-d035f5d7a30d">
      <Execution id="90014f3c-77ba-427b-823c-0b7a29945e1c" />
      <TestMethod codeBase="D:/Projekte/XNA/ColladaXna/Base Tests/bin/Debug/Base Tests.DLL" adapterTypeName="Microsoft.VisualStudio.TestTools.TestTypes.Unit.UnitTestAdapter, Microsoft.VisualStudio.QualityTools.Tips.UnitTest.Adapter, Version=10.0.0.0, Culture=neutral, PublicKeyToken=b03f5f7f11d50a3a" className="Base_Tests.GeometryImporterTest, Base Tests, Version=1.0.0.0, Culture=neutral, PublicKeyToken=null" name="ImportMeshesTest" />
    </UnitTest>
    <UnitTest name="SkinnedMeshImportTest" storage="d:\projekte\xna\colladaxna\base tests\bin\debug\base tests.dll" id="1246d3ed-379f-89af-943c-64c4bc90f50a">
      <Execution id="fe4ce358-47c5-4a4a-9878-8414bec1c548" />
      <TestMethod codeBase="D:/Projekte/XNA/ColladaXna/Base Tests/bin/Debug/Base Tests.DLL" adapterTypeName="Microsoft.VisualStudio.TestTools.TestTypes.Unit.UnitTestAdapter, Microsoft.VisualStudio.QualityTools.Tips.UnitTest.Adapter, Version=10.0.0.0, Culture=neutral, PublicKeyToken=b03f5f7f11d50a3a" className="Base_Tests.GeometryImporterTest, Base Tests, Version=1.0.0.0, Culture=neutral, PublicKeyToken=null" name="SkinnedMeshImportTest" />
    </UnitTest>
  </TestDefinitions>
  <TestLists>
    <TestList name="Results Not in a List" id="8c84fa94-04c1-424b-9868-57a2d4851a1d" />
    <TestList name="All Loaded Results" id="19431567-8539-422a-85d7-44ee4e166bda" />
  </TestLists>
  <TestEntries>
    <TestEntry testId="1246d3ed-379f-89af-943c-64c4bc90f50a" executionId="fe4ce358-47c5-4a4a-9878-8414bec1c548" testListId="8c84fa94-04c1-424b-9868-57a2d4851a1d" />
    <TestEntry testId="e107533e-31bd-5142-7a78-d035f5d7a30d" executionId="90014f3c-77ba-427b-823c-0b7a29945e1c" testListId="8c84fa94-04c1-424b-9868-57a2d4851a1d" />
    <TestEntry testId="f8585df7-3d46-f0ce-adf7-920a375a62f2" executionId="ebd3e078-0245-4cf7-93eb-d5fb02864916" testListId="8c84fa94-04c1-424b-9868-57a2d4851a1d" />
  </TestEntries>
  <Results>
    <UnitTestResult executionId="fe4ce358-47c5-4a4a-9878-8414bec1c548" testId="1246d3ed-379f-89af-943c-64c4bc90f50a" testName="SkinnedMeshImportTest" computerName="JUNKTOWN" duration="00:00:00.0129983" startTime="2011-08-07T20:08:53.0976326+02:00" endTime="2011-08-07T20:08:53.3646479+02:00" testType="13cdc9d9-ddb5-4fa4-a97d-d965ccfc6d4b" outcome="Passed" testListId="8c84fa94-04c1-424b-9868-57a2d4851a1d" relativeResultsDirectory="fe4ce358-47c5-4a4a-9878-8414bec1c548">
    </UnitTestResult>
    <UnitTestResult executionId="90014f3c-77ba-427b-823c-0b7a29945e1c" testId="e107533e-31bd-5142-7a78-d035f5d7a30d" testName="ImportMeshesTest" computerName="JUNKTOWN" duration="00:00:00.0003855" startTime="2011-08-07T20:08:53.3656479+02:00" endTime="2011-08-07T20:08:53.3706482+02:00" testType="13cdc9d9-ddb5-4fa4-a97d-d965ccfc6d4b" outcome="Passed" testListId="8c84fa94-04c1-424b-9868-57a2d4851a1d" relativeResultsDirectory="90014f3c-77ba-427b-823c-0b7a29945e1c">
    </UnitTestResult>
    <UnitTestResult executionId="ebd3e078-0245-4cf7-93eb-d5fb02864916" testId="f8585df7-3d46-f0ce-adf7-920a375a62f2" testName="StaticMeshImportTest" computerName="JUNKTOWN" duration="00:00:00.0007037" startTime="2011-08-07T20:08:53.3726483+02:00" endTime="2011-08-07T20:08:53.3786487+02:00" testType="13cdc9d9-ddb5-4fa4-a97d-d965ccfc6d4b" outcome="Passed" testListId="8c84fa94-04c1-424b-9868-57a2d4851a1d" relativeResultsDirectory="ebd3e078-0245-4cf7-93eb-d5fb02864916">
    </UnitTestResult>
  </Results>
</TestRun>